// Jest Snapshot v1, https://goo.gl/fbAQLP

exports[`FormFeedback matches snapshot 1`] = `
<DocumentFragment>
  <div
    data-testid="styled-components-theme-provider"
  >
    <div>
      <div
        data-testid="form-feedback"
      >
        <ul>
          <li>
            Good form
          </li>
          <li>
            Keep knees aligned
          </li>
        </ul>
        <div>
          <div>
            <span>
              Confidence
            </span>
            <strong>
              85%
            </strong>
          </div>
          <div>
            <span>
              Reps
            </span>
            <strong>
              5
            </strong>
          </div>
          <div>
            <span>
              Phase
            </span>
            <strong>
              Middle
            </strong>
          </div>
        </div>
      </div>
    </div>
  </div>
</DocumentFragment>
`;
