// Jest Snapshot v1, https://goo.gl/fbAQLP

exports[`UploadGuidance matches snapshot 1`] = `
<DocumentFragment>
  <div
    data-testid="styled-components-theme-provider"
  >
    <div>
      <div
        class="bg-white p-6 rounded-lg shadow-md"
        data-testid="upload-guidance"
      >
        <h2
          class="text-xl font-semibold mb-4"
        >
          Upload Guidelines for 
        </h2>
        <div
          class="space-y-4"
        >
          <div>
            <h3
              class="font-medium mb-2"
            >
              Camera Setup
            </h3>
            <ul
              class="list-disc list-inside space-y-1 text-gray-700"
            >
              <li>
                Position the camera at a 90-degree angle to your body
              </li>
              <li>
                Ensure your full body is visible in the frame
              </li>
              <li>
                Use good lighting for better visibility
              </li>
            </ul>
          </div>
          <div>
            <h3
              class="font-medium mb-2"
            >
              Recording Tips
            </h3>
            <ul
              class="list-disc list-inside space-y-1 text-gray-700"
            >
              <li>
                Perform the exercise at a moderate pace
              </li>
              <li>
                Complete 3-5 repetitions
              </li>
              <li>
                Maintain proper form throughout the movement
              </li>
            </ul>
          </div>
          <div>
            <h3
              class="font-medium mb-2"
            >
              What to Avoid
            </h3>
            <ul
              class="list-disc list-inside space-y-1 text-gray-700"
            >
              <li>
                Don't wear loose clothing that obscures your form
              </li>
              <li>
                Avoid recording in low light conditions
              </li>
              <li>
                Don't perform the exercise too quickly
              </li>
            </ul>
          </div>
        </div>
        <div>
          <div>
            <div>
              📤
            </div>
            <p>
              Drag & drop your video here or click to browse
            </p>
            <p
              style="font-size: 14px; opacity: 0.7;"
            >
              Supported formats: MP4, WebM, MOV
            </p>
            <input
              accept="video/mp4,video/webm,video/quicktime"
              type="file"
            />
          </div>
          <div
            position="top"
          >
            <div>
              <p>
                Upload a video of your exercise to get form feedback.
              </p>
              <p>
                We support MP4, WebM, and MOV files up to 100MB.
              </p>
            </div>
            <button>
              ✕
            </button>
          </div>
        </div>
        <div>
          <ul>
            <li>
              Position your camera to capture your full body during the exercise
            </li>
            <li>
              Ensure good lighting conditions
            </li>
            <li>
              Record from the side angle for best form analysis
            </li>
            <li>
              Keep the camera stable during recording
            </li>
            <li>
              Wear clothing that allows form visibility
            </li>
          </ul>
          <div
            position="bottom"
          >
            Following these guidelines will help our AI provide the most accurate form feedback.
            <button>
              ✕
            </button>
          </div>
        </div>
      </div>
    </div>
  </div>
</DocumentFragment>
`;
