// Jest Snapshot v1, https://goo.gl/fbAQLP

exports[`VideoPlayer matches snapshot 1`] = `
<DocumentFragment>
  <div
    data-testid="styled-components-theme-provider"
  >
    <div>
      <div
        data-testid="video-player"
      >
        <div
          data-testid="video-loading"
          role="status"
        >
          <div />
        </div>
        <video
          controls=""
          src="https://example.com/video.mp4"
        />
      </div>
    </div>
  </div>
</DocumentFragment>
`;
