// Jest Snapshot v1, https://goo.gl/fbAQLP

exports[`PoseVisualization matches snapshot 1`] = `
<div>
  <div
    data-testid="mui-box"
  >
    <canvas
      height="480"
      style="width: 100%; height: 100%; background-color: rgba(0, 0, 0, 0.8); border-radius: 4px;"
      width="640"
    />
    <div
      data-testid="mui-box"
    >
      <div
        color="text.secondary"
        data-testid="mui-typography-body2"
      >
        Green: Detected pose | Yellow: Joint angles
      </div>
    </div>
  </div>
</div>
`;
